\BOOKMARK [0][-]{chapter.1}{\376\377\0001\000\040\000P\000r\000o\000v\000e\000r\0009\000-\000M\000a\000c\000e\0004\000\040\000G\000U\000I\000\040\000-\000\040\000D\000o\000c\000u\000m\000e\000n\000t\000a\000c\000i\000\363\000n\000\040\000T\000\351\000c\000n\000i\000c\000a}{}% 1
\BOOKMARK [1][-]{section.1.1}{\376\377\0001\000.\0001\000\040\000I\000n\000t\000r\000o\000d\000u\000c\000c\000i\000\363\000n}{chapter.1}% 2
\BOOKMARK [1][-]{section.1.2}{\376\377\0001\000.\0002\000\040\000A\000r\000q\000u\000i\000t\000e\000c\000t\000u\000r\000a\000\040\000d\000e\000l\000\040\000S\000i\000s\000t\000e\000m\000a}{chapter.1}% 3
\BOOKMARK [1][-]{section.1.3}{\376\377\0001\000.\0003\000\040\000A\000u\000t\000o\000r}{chapter.1}% 4
\BOOKMARK [0][-]{chapter.2}{\376\377\0002\000\040\000t\000f\000g\000-\000p\000r\000o\000v\000e\000r\0009\000m\000a\000c\000e\0004\000-\000g\000u\000i}{}% 5
\BOOKMARK [0][-]{chapter.3}{\376\377\0003\000\040\000N\000a\000m\000e\000s\000p\000a\000c\000e\000\040\000I\000n\000d\000e\000x}{}% 6
\BOOKMARK [1][-]{section.3.1}{\376\377\0003\000.\0001\000\040\000P\000a\000c\000k\000a\000g\000e\000\040\000L\000i\000s\000t}{chapter.3}% 7
\BOOKMARK [0][-]{chapter.4}{\376\377\0004\000\040\000H\000i\000e\000r\000a\000r\000c\000h\000i\000c\000a\000l\000\040\000I\000n\000d\000e\000x}{}% 8
\BOOKMARK [1][-]{section.4.1}{\376\377\0004\000.\0001\000\040\000C\000l\000a\000s\000s\000\040\000H\000i\000e\000r\000a\000r\000c\000h\000y}{chapter.4}% 9
\BOOKMARK [0][-]{chapter.5}{\376\377\0005\000\040\000C\000l\000a\000s\000s\000\040\000I\000n\000d\000e\000x}{}% 10
\BOOKMARK [1][-]{section.5.1}{\376\377\0005\000.\0001\000\040\000C\000l\000a\000s\000s\000\040\000L\000i\000s\000t}{chapter.5}% 11
\BOOKMARK [0][-]{chapter.6}{\376\377\0006\000\040\000F\000i\000l\000e\000\040\000I\000n\000d\000e\000x}{}% 12
\BOOKMARK [1][-]{section.6.1}{\376\377\0006\000.\0001\000\040\000F\000i\000l\000e\000\040\000L\000i\000s\000t}{chapter.6}% 13
\BOOKMARK [0][-]{chapter.7}{\376\377\0007\000\040\000N\000a\000m\000e\000s\000p\000a\000c\000e\000\040\000D\000o\000c\000u\000m\000e\000n\000t\000a\000t\000i\000o\000n}{}% 14
\BOOKMARK [1][-]{section.7.1}{\376\377\0007\000.\0001\000\040\000i\000d\000i\000o\000m\000a\000s\000\040\000N\000a\000m\000e\000s\000p\000a\000c\000e\000\040\000R\000e\000f\000e\000r\000e\000n\000c\000e}{chapter.7}% 15
\BOOKMARK [2][-]{subsection.7.1.1}{\376\377\0007\000.\0001\000.\0001\000\040\000D\000e\000t\000a\000i\000l\000e\000d\000\040\000D\000e\000s\000c\000r\000i\000p\000t\000i\000o\000n}{section.7.1}% 16
\BOOKMARK [2][-]{subsection.7.1.2}{\376\377\0007\000.\0001\000.\0002\000\040\000V\000a\000r\000i\000a\000b\000l\000e\000\040\000D\000o\000c\000u\000m\000e\000n\000t\000a\000t\000i\000o\000n}{section.7.1}% 17
\BOOKMARK [3][-]{subsubsection.7.1.2.1}{\376\377\0007\000.\0001\000.\0002\000.\0001\000\040\000D\000I\000C\000C\000I\000O\000N\000A\000R\000I\000O\000\137\000P\000A\000N\000E\000L\000E\000S}{subsection.7.1.2}% 18
\BOOKMARK [3][-]{subsubsection.7.1.2.2}{\376\377\0007\000.\0001\000.\0002\000.\0002\000\040\000S\000C\000H\000E\000M\000A\000\137\000P\000R\000O\000V\000E\000R\0009}{subsection.7.1.2}% 19
\BOOKMARK [3][-]{subsubsection.7.1.2.3}{\376\377\0007\000.\0001\000.\0002\000.\0003\000\040\000T\000R\000A\000D\000U\000C\000C\000I\000O\000N\000E\000S}{subsection.7.1.2}% 20
\BOOKMARK [1][-]{section.7.2}{\376\377\0007\000.\0002\000\040\000l\000a\000u\000n\000c\000h\000e\000r\000\040\000N\000a\000m\000e\000s\000p\000a\000c\000e\000\040\000R\000e\000f\000e\000r\000e\000n\000c\000e}{chapter.7}% 21
\BOOKMARK [2][-]{subsection.7.2.1}{\376\377\0007\000.\0002\000.\0001\000\040\000D\000e\000t\000a\000i\000l\000e\000d\000\040\000D\000e\000s\000c\000r\000i\000p\000t\000i\000o\000n}{section.7.2}% 22
\BOOKMARK [2][-]{subsection.7.2.2}{\376\377\0007\000.\0002\000.\0002\000\040\000F\000u\000n\000c\000t\000i\000o\000n\000\040\000D\000o\000c\000u\000m\000e\000n\000t\000a\000t\000i\000o\000n}{section.7.2}% 23
\BOOKMARK [3][-]{subsubsection.7.2.2.1}{\376\377\0007\000.\0002\000.\0002\000.\0001\000\040\000e\000j\000e\000c\000u\000t\000a\000r\000\137\000m\000a\000c\000e\0004\000\050\000\051}{subsection.7.2.2}% 24
\BOOKMARK [3][-]{subsubsection.7.2.2.2}{\376\377\0007\000.\0002\000.\0002\000.\0002\000\040\000e\000j\000e\000c\000u\000t\000a\000r\000\137\000m\000o\000t\000o\000r\000\137\000l\000o\000g\000i\000c\000o\000\050\000\051}{subsection.7.2.2}% 25
\BOOKMARK [3][-]{subsubsection.7.2.2.3}{\376\377\0007\000.\0002\000.\0002\000.\0003\000\040\000e\000j\000e\000c\000u\000t\000a\000r\000\137\000p\000r\000o\000v\000e\000r\0009\000\050\000\051}{subsection.7.2.2}% 26
\BOOKMARK [3][-]{subsubsection.7.2.2.4}{\376\377\0007\000.\0002\000.\0002\000.\0004\000\040\000o\000b\000t\000e\000n\000e\000r\000\137\000r\000u\000t\000a\000\137\000r\000e\000c\000u\000r\000s\000o\000\050\000\051}{subsection.7.2.2}% 27
\BOOKMARK [1][-]{section.7.3}{\376\377\0007\000.\0003\000\040\000m\000a\000i\000n\000\040\000N\000a\000m\000e\000s\000p\000a\000c\000e\000\040\000R\000e\000f\000e\000r\000e\000n\000c\000e}{chapter.7}% 28
\BOOKMARK [2][-]{subsection.7.3.1}{\376\377\0007\000.\0003\000.\0001\000\040\000F\000u\000n\000c\000t\000i\000o\000n\000\040\000D\000o\000c\000u\000m\000e\000n\000t\000a\000t\000i\000o\000n}{section.7.3}% 29
\BOOKMARK [3][-]{subsubsection.7.3.1.1}{\376\377\0007\000.\0003\000.\0001\000.\0001\000\040\000r\000u\000t\000a\000\137\000r\000e\000c\000u\000r\000s\000o\000\050\000\051}{subsection.7.3.1}% 30
\BOOKMARK [2][-]{subsection.7.3.2}{\376\377\0007\000.\0003\000.\0002\000\040\000V\000a\000r\000i\000a\000b\000l\000e\000\040\000D\000o\000c\000u\000m\000e\000n\000t\000a\000t\000i\000o\000n}{section.7.3}% 31
\BOOKMARK [3][-]{subsubsection.7.3.2.1}{\376\377\0007\000.\0003\000.\0002\000.\0001\000\040\000a\000p\000p}{subsection.7.3.2}% 32
\BOOKMARK [3][-]{subsubsection.7.3.2.2}{\376\377\0007\000.\0003\000.\0002\000.\0002\000\040\000e\000x\000t\000r\000a}{subsection.7.3.2}% 33
\BOOKMARK [3][-]{subsubsection.7.3.2.3}{\376\377\0007\000.\0003\000.\0002\000.\0003\000\040\000e\000x\000t\000r\000a\000\137\000c\000o\000n\000f\000i\000g}{subsection.7.3.2}% 34
\BOOKMARK [3][-]{subsubsection.7.3.2.4}{\376\377\0007\000.\0003\000.\0002\000.\0004\000\040\000m\000y\000a\000p\000p\000i\000d}{subsection.7.3.2}% 35
\BOOKMARK [3][-]{subsubsection.7.3.2.5}{\376\377\0007\000.\0003\000.\0002\000.\0005\000\040\000t\000h\000e\000m\000e}{subsection.7.3.2}% 36
\BOOKMARK [3][-]{subsubsection.7.3.2.6}{\376\377\0007\000.\0003\000.\0002\000.\0006\000\040\000v\000e\000n\000t\000a\000n\000a}{subsection.7.3.2}% 37
\BOOKMARK [0][-]{chapter.8}{\376\377\0008\000\040\000C\000l\000a\000s\000s\000\040\000D\000o\000c\000u\000m\000e\000n\000t\000a\000t\000i\000o\000n}{}% 38
\BOOKMARK [1][-]{section.8.1}{\376\377\0008\000.\0001\000\040\000m\000a\000i\000n\000.\000H\000i\000l\000o\000M\000o\000t\000o\000r\000\040\000C\000l\000a\000s\000s\000\040\000R\000e\000f\000e\000r\000e\000n\000c\000e}{chapter.8}% 39
\BOOKMARK [2][-]{subsection.8.1.1}{\376\377\0008\000.\0001\000.\0001\000\040\000D\000e\000t\000a\000i\000l\000e\000d\000\040\000D\000e\000s\000c\000r\000i\000p\000t\000i\000o\000n}{section.8.1}% 40
\BOOKMARK [2][-]{subsection.8.1.2}{\376\377\0008\000.\0001\000.\0002\000\040\000C\000o\000n\000s\000t\000r\000u\000c\000t\000o\000r\000\040\000\046\000\040\000D\000e\000s\000t\000r\000u\000c\000t\000o\000r\000\040\000D\000o\000c\000u\000m\000e\000n\000t\000a\000t\000i\000o\000n}{section.8.1}% 41
\BOOKMARK [3][-]{subsubsection.8.1.2.1}{\376\377\0008\000.\0001\000.\0002\000.\0001\000\040\000\137\000\137\000i\000n\000i\000t\000\137\000\137\000\050\000\051}{subsection.8.1.2}% 42
\BOOKMARK [2][-]{subsection.8.1.3}{\376\377\0008\000.\0001\000.\0003\000\040\000M\000e\000m\000b\000e\000r\000\040\000F\000u\000n\000c\000t\000i\000o\000n\000\040\000D\000o\000c\000u\000m\000e\000n\000t\000a\000t\000i\000o\000n}{section.8.1}% 43
\BOOKMARK [3][-]{subsubsection.8.1.3.1}{\376\377\0008\000.\0001\000.\0003\000.\0001\000\040\000r\000u\000n\000\050\000\051}{subsection.8.1.3}% 44
\BOOKMARK [2][-]{subsection.8.1.4}{\376\377\0008\000.\0001\000.\0004\000\040\000M\000e\000m\000b\000e\000r\000\040\000D\000a\000t\000a\000\040\000D\000o\000c\000u\000m\000e\000n\000t\000a\000t\000i\000o\000n}{section.8.1}% 45
\BOOKMARK [3][-]{subsubsection.8.1.4.1}{\376\377\0008\000.\0001\000.\0004\000.\0001\000\040\000m\000o\000t\000o\000r}{subsection.8.1.4}% 46
\BOOKMARK [3][-]{subsubsection.8.1.4.2}{\376\377\0008\000.\0001\000.\0004\000.\0002\000\040\000r\000e\000s\000u\000l\000t\000a\000d\000o\000\137\000l\000i\000s\000t\000o}{subsection.8.1.4}% 47
\BOOKMARK [3][-]{subsubsection.8.1.4.3}{\376\377\0008\000.\0001\000.\0004\000.\0003\000\040\000s\000n\000a\000p\000s\000h\000o\000t}{subsection.8.1.4}% 48
\BOOKMARK [3][-]{subsubsection.8.1.4.4}{\376\377\0008\000.\0001\000.\0004\000.\0004\000\040\000t\000e\000x\000t\000o\000\137\000f\000i\000n\000a\000l}{subsection.8.1.4}% 49
\BOOKMARK [3][-]{subsubsection.8.1.4.5}{\376\377\0008\000.\0001\000.\0004\000.\0005\000\040\000t\000i\000e\000m\000p\000o\000\137\000l\000i\000m\000i\000t\000e}{subsection.8.1.4}% 50
\BOOKMARK [1][-]{section.8.2}{\376\377\0008\000.\0002\000\040\000m\000a\000i\000n\000.\000R\000e\000s\000a\000l\000t\000a\000d\000o\000r\000P\000r\000o\000v\000e\000r\0009\000\040\000C\000l\000a\000s\000s\000\040\000R\000e\000f\000e\000r\000e\000n\000c\000e}{chapter.8}% 51
\BOOKMARK [2][-]{subsection.8.2.1}{\376\377\0008\000.\0002\000.\0001\000\040\000D\000e\000t\000a\000i\000l\000e\000d\000\040\000D\000e\000s\000c\000r\000i\000p\000t\000i\000o\000n}{section.8.2}% 52
\BOOKMARK [2][-]{subsection.8.2.2}{\376\377\0008\000.\0002\000.\0002\000\040\000C\000o\000n\000s\000t\000r\000u\000c\000t\000o\000r\000\040\000\046\000\040\000D\000e\000s\000t\000r\000u\000c\000t\000o\000r\000\040\000D\000o\000c\000u\000m\000e\000n\000t\000a\000t\000i\000o\000n}{section.8.2}% 53
\BOOKMARK [3][-]{subsubsection.8.2.2.1}{\376\377\0008\000.\0002\000.\0002\000.\0001\000\040\000\137\000\137\000i\000n\000i\000t\000\137\000\137\000\050\000\051}{subsection.8.2.2}% 54
\BOOKMARK [2][-]{subsection.8.2.3}{\376\377\0008\000.\0002\000.\0003\000\040\000M\000e\000m\000b\000e\000r\000\040\000F\000u\000n\000c\000t\000i\000o\000n\000\040\000D\000o\000c\000u\000m\000e\000n\000t\000a\000t\000i\000o\000n}{section.8.2}% 55
\BOOKMARK [3][-]{subsubsection.8.2.3.1}{\376\377\0008\000.\0002\000.\0003\000.\0001\000\040\000h\000i\000g\000h\000l\000i\000g\000h\000t\000B\000l\000o\000c\000k\000\050\000\051}{subsection.8.2.3}% 56
\BOOKMARK [2][-]{subsection.8.2.4}{\376\377\0008\000.\0002\000.\0004\000\040\000M\000e\000m\000b\000e\000r\000\040\000D\000a\000t\000a\000\040\000D\000o\000c\000u\000m\000e\000n\000t\000a\000t\000i\000o\000n}{section.8.2}% 57
\BOOKMARK [3][-]{subsubsection.8.2.4.1}{\376\377\0008\000.\0002\000.\0004\000.\0001\000\040\000e\000d\000i\000t\000o\000r}{subsection.8.2.4}% 58
\BOOKMARK [3][-]{subsubsection.8.2.4.2}{\376\377\0008\000.\0002\000.\0004\000.\0002\000\040\000r\000e\000g\000l\000a\000s}{subsection.8.2.4}% 59
\BOOKMARK [1][-]{section.8.3}{\376\377\0008\000.\0003\000\040\000m\000a\000i\000n\000.\000V\000e\000n\000t\000a\000n\000a\000P\000r\000i\000n\000c\000i\000p\000a\000l\000\040\000C\000l\000a\000s\000s\000\040\000R\000e\000f\000e\000r\000e\000n\000c\000e}{chapter.8}% 60
\BOOKMARK [2][-]{subsection.8.3.1}{\376\377\0008\000.\0003\000.\0001\000\040\000D\000e\000t\000a\000i\000l\000e\000d\000\040\000D\000e\000s\000c\000r\000i\000p\000t\000i\000o\000n}{section.8.3}% 61
\BOOKMARK [2][-]{subsection.8.3.2}{\376\377\0008\000.\0003\000.\0002\000\040\000C\000o\000n\000s\000t\000r\000u\000c\000t\000o\000r\000\040\000\046\000\040\000D\000e\000s\000t\000r\000u\000c\000t\000o\000r\000\040\000D\000o\000c\000u\000m\000e\000n\000t\000a\000t\000i\000o\000n}{section.8.3}% 62
\BOOKMARK [3][-]{subsubsection.8.3.2.1}{\376\377\0008\000.\0003\000.\0002\000.\0001\000\040\000\137\000\137\000i\000n\000i\000t\000\137\000\137\000\050\000\051}{subsection.8.3.2}% 63
\BOOKMARK [2][-]{subsection.8.3.3}{\376\377\0008\000.\0003\000.\0003\000\040\000M\000e\000m\000b\000e\000r\000\040\000F\000u\000n\000c\000t\000i\000o\000n\000\040\000D\000o\000c\000u\000m\000e\000n\000t\000a\000t\000i\000o\000n}{section.8.3}% 64
\BOOKMARK [3][-]{subsubsection.8.3.3.1}{\376\377\0008\000.\0003\000.\0003\000.\0001\000\040\000a\000b\000r\000i\000r\000\137\000a\000r\000c\000h\000i\000v\000o\000\050\000\051}{subsection.8.3.3}% 65
\BOOKMARK [3][-]{subsubsection.8.3.3.2}{\376\377\0008\000.\0003\000.\0003\000.\0002\000\040\000a\000c\000t\000u\000a\000l\000i\000z\000a\000r\000\137\000t\000e\000x\000t\000o\000s\000\137\000i\000n\000t\000e\000r\000f\000a\000z\000\050\000\051}{subsection.8.3.3}% 66
\BOOKMARK [3][-]{subsubsection.8.3.3.3}{\376\377\0008\000.\0003\000.\0003\000.\0003\000\040\000a\000c\000t\000u\000a\000l\000i\000z\000a\000r\000\137\000t\000i\000t\000u\000l\000o\000\137\000v\000e\000n\000t\000a\000n\000a\000\050\000\051}{subsection.8.3.3}% 67
\BOOKMARK [3][-]{subsubsection.8.3.3.4}{\376\377\0008\000.\0003\000.\0003\000.\0004\000\040\000a\000d\000v\000e\000r\000t\000i\000r\000\137\000c\000a\000m\000b\000i\000o\000s\000\137\000s\000i\000n\000\137\000g\000u\000a\000r\000d\000a\000r\000\050\000\051}{subsection.8.3.3}% 68
\BOOKMARK [3][-]{subsubsection.8.3.3.5}{\376\377\0008\000.\0003\000.\0003\000.\0005\000\040\000a\000g\000r\000e\000g\000a\000r\000\137\000a\000l\000\137\000h\000i\000s\000t\000o\000r\000i\000a\000l\000\050\000\051}{subsection.8.3.3}% 69
\BOOKMARK [3][-]{subsubsection.8.3.3.6}{\376\377\0008\000.\0003\000.\0003\000.\0006\000\040\000a\000l\000\137\000t\000e\000r\000m\000i\000n\000a\000r\000\137\000m\0004\000\050\000\051}{subsection.8.3.3}% 70
\BOOKMARK [3][-]{subsubsection.8.3.3.7}{\376\377\0008\000.\0003\000.\0003\000.\0007\000\040\000a\000l\000\137\000t\000e\000r\000m\000i\000n\000a\000r\000\137\000p\000r\000o\000v\000e\000r\0009\000\050\000\051}{subsection.8.3.3}% 71
\BOOKMARK [3][-]{subsubsection.8.3.3.8}{\376\377\0008\000.\0003\000.\0003\000.\0008\000\040\000a\000l\000t\000e\000r\000n\000a\000r\000\137\000m\000o\000d\000o\000\137\000m\0004\000\050\000\051}{subsection.8.3.3}% 72
\BOOKMARK [3][-]{subsubsection.8.3.3.9}{\376\377\0008\000.\0003\000.\0003\000.\0009\000\040\000a\000l\000t\000e\000r\000n\000a\000r\000\137\000m\000o\000d\000o\000\137\000p\0009\000\050\000\051}{subsection.8.3.3}% 73
\BOOKMARK [3][-]{subsubsection.8.3.3.10}{\376\377\0008\000.\0003\000.\0003\000.\0001\0000\000\040\000c\000a\000m\000b\000i\000a\000r\000\137\000i\000d\000i\000o\000m\000a\000\050\000\051}{subsection.8.3.3}% 74
\BOOKMARK [3][-]{subsubsection.8.3.3.11}{\376\377\0008\000.\0003\000.\0003\000.\0001\0001\000\040\000c\000a\000r\000g\000a\000r\000\137\000e\000j\000e\000m\000p\000l\000o\000\137\000t\000i\000p\000o\000\050\000\051}{subsection.8.3.3}% 75
\BOOKMARK [3][-]{subsubsection.8.3.3.12}{\376\377\0008\000.\0003\000.\0003\000.\0001\0002\000\040\000c\000l\000o\000s\000e\000E\000v\000e\000n\000t\000\050\000\051}{subsection.8.3.3}% 76
\BOOKMARK [3][-]{subsubsection.8.3.3.13}{\376\377\0008\000.\0003\000.\0003\000.\0001\0003\000\040\000c\000o\000c\000i\000n\000a\000r\000\137\000e\000n\000t\000r\000a\000d\000a\000\137\000d\000i\000r\000e\000c\000t\000a\000\050\000\051}{subsection.8.3.3}% 77
\BOOKMARK [3][-]{subsubsection.8.3.3.14}{\376\377\0008\000.\0003\000.\0003\000.\0001\0004\000\040\000c\000o\000c\000i\000n\000a\000r\000\137\000e\000n\000t\000r\000a\000d\000a\000\137\000m\0004\000\050\000\051}{subsection.8.3.3}% 78
\BOOKMARK [3][-]{subsubsection.8.3.3.15}{\376\377\0008\000.\0003\000.\0003\000.\0001\0005\000\040\000c\000o\000c\000i\000n\000a\000r\000\137\000e\000n\000t\000r\000a\000d\000a\000\137\000p\0009\000\050\000\051}{subsection.8.3.3}% 79
\BOOKMARK [3][-]{subsubsection.8.3.3.16}{\376\377\0008\000.\0003\000.\0003\000.\0001\0006\000\040\000c\000o\000n\000f\000i\000g\000u\000r\000a\000r\000\137\000t\000a\000b\000\137\000m\000a\000c\000e\0004\000\050\000\051}{subsection.8.3.3}% 80
\BOOKMARK [3][-]{subsubsection.8.3.3.17}{\376\377\0008\000.\0003\000.\0003\000.\0001\0007\000\040\000c\000o\000n\000f\000i\000g\000u\000r\000a\000r\000\137\000t\000a\000b\000\137\000p\000r\000o\000v\000e\000r\0009\000\050\000\051}{subsection.8.3.3}% 81
\BOOKMARK [3][-]{subsubsection.8.3.3.18}{\376\377\0008\000.\0003\000.\0003\000.\0001\0008\000\040\000c\000r\000e\000a\000r\000\137\000b\000a\000r\000r\000a\000\137\000m\000e\000n\000u\000s\000\050\000\051}{subsection.8.3.3}% 82
\BOOKMARK [3][-]{subsubsection.8.3.3.19}{\376\377\0008\000.\0003\000.\0003\000.\0001\0009\000\040\000c\000r\000e\000a\000r\000\137\000p\000a\000n\000e\000l\000\137\000i\000n\000s\000e\000r\000c\000i\000o\000n\000\050\000\051}{subsection.8.3.3}% 83
\BOOKMARK [3][-]{subsubsection.8.3.3.20}{\376\377\0008\000.\0003\000.\0003\000.\0002\0000\000\040\000c\000r\000e\000a\000r\000\137\000p\000a\000n\000e\000l\000\137\000o\000p\000c\000i\000o\000n\000e\000s\000\137\000m\0004\000\050\000\051}{subsection.8.3.3}% 84
\BOOKMARK [3][-]{subsubsection.8.3.3.21}{\376\377\0008\000.\0003\000.\0003\000.\0002\0001\000\040\000c\000r\000e\000a\000r\000\137\000p\000a\000n\000e\000l\000\137\000o\000p\000c\000i\000o\000n\000e\000s\000\137\000p\0009\000\050\000\051}{subsection.8.3.3}% 85
\BOOKMARK [3][-]{subsubsection.8.3.3.22}{\376\377\0008\000.\0003\000.\0003\000.\0002\0002\000\040\000e\000v\000e\000n\000t\000F\000i\000l\000t\000e\000r\000\050\000\051}{subsection.8.3.3}% 86
\BOOKMARK [3][-]{subsubsection.8.3.3.23}{\376\377\0008\000.\0003\000.\0003\000.\0002\0003\000\040\000e\000x\000p\000o\000r\000t\000a\000r\000\137\000s\000a\000l\000i\000d\000a\000\050\000\051}{subsection.8.3.3}% 87
\BOOKMARK [3][-]{subsubsection.8.3.3.24}{\376\377\0008\000.\0003\000.\0003\000.\0002\0004\000\040\000e\000x\000t\000r\000a\000e\000r\000\137\000f\000o\000r\000m\000u\000l\000a\000s\000\137\000r\000e\000g\000e\000x\000\050\000\051}{subsection.8.3.3}% 88
\BOOKMARK [3][-]{subsubsection.8.3.3.25}{\376\377\0008\000.\0003\000.\0003\000.\0002\0005\000\040\000e\000x\000t\000r\000a\000e\000r\000\137\000t\000e\000x\000t\000o\000\137\000u\000t\000i\000l\000\050\000\051}{subsection.8.3.3}% 89
\BOOKMARK [3][-]{subsubsection.8.3.3.26}{\376\377\0008\000.\0003\000.\0003\000.\0002\0006\000\040\000g\000u\000a\000r\000d\000a\000r\000\137\000a\000r\000c\000h\000i\000v\000o\000\050\000\051}{subsection.8.3.3}% 90
\BOOKMARK [3][-]{subsubsection.8.3.3.27}{\376\377\0008\000.\0003\000.\0003\000.\0002\0007\000\040\000i\000n\000i\000t\000\137\000u\000i\000\050\000\051}{subsection.8.3.3}% 91
\BOOKMARK [3][-]{subsubsection.8.3.3.28}{\376\377\0008\000.\0003\000.\0003\000.\0002\0008\000\040\000i\000n\000y\000e\000c\000t\000a\000r\000\137\000o\000p\000e\000r\000a\000d\000o\000r\000\137\000i\000n\000t\000e\000l\000i\000g\000e\000n\000t\000e\000\050\000\051}{subsection.8.3.3}% 92
\BOOKMARK [3][-]{subsubsection.8.3.3.29}{\376\377\0008\000.\0003\000.\0003\000.\0002\0009\000\040\000l\000i\000m\000p\000i\000a\000r\000\137\000y\000\137\000t\000r\000a\000d\000u\000c\000i\000r\000\137\000e\000r\000r\000o\000r\000\050\000\051}{subsection.8.3.3}% 93
\BOOKMARK [3][-]{subsubsection.8.3.3.30}{\376\377\0008\000.\0003\000.\0003\000.\0003\0000\000\040\000n\000u\000e\000v\000o\000\137\000p\000r\000o\000y\000e\000c\000t\000o\000\050\000\051}{subsection.8.3.3}% 94
\BOOKMARK [3][-]{subsubsection.8.3.3.31}{\376\377\0008\000.\0003\000.\0003\000.\0003\0001\000\040\000o\000b\000t\000e\000n\000e\000r\000\137\000e\000s\000t\000a\000d\000o\000\137\000a\000c\000t\000u\000a\000l\000\050\000\051}{subsection.8.3.3}% 95
\BOOKMARK [3][-]{subsubsection.8.3.3.32}{\376\377\0008\000.\0003\000.\0003\000.\0003\0002\000\040\000p\000r\000o\000c\000e\000s\000a\000r\000\137\000m\000a\000c\000e\0004\000\050\000\051}{subsection.8.3.3}% 96
\BOOKMARK [3][-]{subsubsection.8.3.3.33}{\376\377\0008\000.\0003\000.\0003\000.\0003\0003\000\040\000p\000r\000o\000c\000e\000s\000a\000r\000\137\000p\000r\000o\000v\000e\000r\0009\000\050\000\051}{subsection.8.3.3}% 97
\BOOKMARK [3][-]{subsubsection.8.3.3.34}{\376\377\0008\000.\0003\000.\0003\000.\0003\0004\000\040\000r\000e\000c\000u\000p\000e\000r\000a\000r\000\137\000d\000e\000s\000d\000e\000\137\000h\000i\000s\000t\000o\000r\000i\000a\000l\000\050\000\051}{subsection.8.3.3}% 98
\BOOKMARK [3][-]{subsubsection.8.3.3.35}{\376\377\0008\000.\0003\000.\0003\000.\0003\0005\000\040\000r\000e\000s\000e\000t\000\137\000c\000a\000t\000e\000g\000o\000r\000i\000a\000\137\000p\0009\000\050\000\051}{subsection.8.3.3}% 99
\BOOKMARK [3][-]{subsubsection.8.3.3.36}{\376\377\0008\000.\0003\000.\0003\000.\0003\0006\000\040\000r\000e\000s\000e\000t\000\137\000o\000p\000c\000i\000o\000n\000e\000s\000\137\000m\0004\000\050\000\051}{subsection.8.3.3}% 100
\BOOKMARK [3][-]{subsubsection.8.3.3.37}{\376\377\0008\000.\0003\000.\0003\000.\0003\0007\000\040\000r\000e\000s\000e\000t\000\137\000o\000p\000c\000i\000o\000n\000e\000s\000\137\000p\0009\000\050\000\051}{subsection.8.3.3}% 101
\BOOKMARK [2][-]{subsection.8.3.4}{\376\377\0008\000.\0003\000.\0004\000\040\000M\000e\000m\000b\000e\000r\000\040\000D\000a\000t\000a\000\040\000D\000o\000c\000u\000m\000e\000n\000t\000a\000t\000i\000o\000n}{section.8.3}% 102
\BOOKMARK [3][-]{subsubsection.8.3.4.1}{\376\377\0008\000.\0003\000.\0004\000.\0001\000\040\000a\000b\000r\000i\000r\000\137\000a\000r\000c\000h\000i\000v\000o}{subsection.8.3.4}% 103
\BOOKMARK [3][-]{subsubsection.8.3.4.2}{\376\377\0008\000.\0003\000.\0004\000.\0002\000\040\000a\000c\000c\000i\000o\000n\000\137\000a\000b\000r\000i\000r}{subsection.8.3.4}% 104
\BOOKMARK [3][-]{subsubsection.8.3.4.3}{\376\377\0008\000.\0003\000.\0004\000.\0003\000\040\000a\000c\000c\000i\000o\000n\000\137\000e\000j\0001}{subsection.8.3.4}% 105
\BOOKMARK [3][-]{subsubsection.8.3.4.4}{\376\377\0008\000.\0003\000.\0004\000.\0004\000\040\000a\000c\000c\000i\000o\000n\000\137\000e\000j\0002}{subsection.8.3.4}% 106
\BOOKMARK [3][-]{subsubsection.8.3.4.5}{\376\377\0008\000.\0003\000.\0004\000.\0005\000\040\000a\000c\000c\000i\000o\000n\000\137\000e\000j\0003}{subsection.8.3.4}% 107
\BOOKMARK [3][-]{subsubsection.8.3.4.6}{\376\377\0008\000.\0003\000.\0004\000.\0006\000\040\000a\000c\000c\000i\000o\000n\000\137\000e\000x\000p\000o\000r\000t\000a\000r}{subsection.8.3.4}% 108
\BOOKMARK [3][-]{subsubsection.8.3.4.7}{\376\377\0008\000.\0003\000.\0004\000.\0007\000\040\000a\000c\000c\000i\000o\000n\000\137\000g\000u\000a\000r\000d\000a\000r}{subsection.8.3.4}% 109
\BOOKMARK [3][-]{subsubsection.8.3.4.8}{\376\377\0008\000.\0003\000.\0004\000.\0008\000\040\000a\000c\000c\000i\000o\000n\000\137\000n\000u\000e\000v\000o}{subsection.8.3.4}% 110
\BOOKMARK [3][-]{subsubsection.8.3.4.9}{\376\377\0008\000.\0003\000.\0004\000.\0009\000\040\000a\000c\000c\000i\000o\000n\000\137\000s\000a\000l\000i\000r}{subsection.8.3.4}% 111
\BOOKMARK [3][-]{subsubsection.8.3.4.10}{\376\377\0008\000.\0003\000.\0004\000.\0001\0000\000\040\000a\000c\000t\000u\000a\000l\000i\000z\000a\000r\000\137\000t\000e\000x\000t\000o\000s\000\137\000i\000n\000t\000e\000r\000f\000a\000z}{subsection.8.3.4}% 112
\BOOKMARK [3][-]{subsubsection.8.3.4.11}{\376\377\0008\000.\0003\000.\0004\000.\0001\0001\000\040\000a\000l\000\137\000t\000e\000r\000m\000i\000n\000a\000r\000\137\000m\0004}{subsection.8.3.4}% 113
\BOOKMARK [3][-]{subsubsection.8.3.4.12}{\376\377\0008\000.\0003\000.\0004\000.\0001\0002\000\040\000a\000l\000\137\000t\000e\000r\000m\000i\000n\000a\000r\000\137\000p\000r\000o\000v\000e\000r\0009}{subsection.8.3.4}% 114
\BOOKMARK [3][-]{subsubsection.8.3.4.13}{\376\377\0008\000.\0003\000.\0004\000.\0001\0003\000\040\000a\000l\000l\000\137\000a\000s\000s\000i\000g\000n\000s\000\137\000p\0009}{subsection.8.3.4}% 115
\BOOKMARK [3][-]{subsubsection.8.3.4.14}{\376\377\0008\000.\0003\000.\0004\000.\0001\0004\000\040\000a\000l\000l\000\137\000f\000l\000a\000g\000s\000\137\000p\0009}{subsection.8.3.4}% 116
\BOOKMARK [3][-]{subsubsection.8.3.4.15}{\376\377\0008\000.\0003\000.\0004\000.\0001\0005\000\040\000a\000l\000t\000e\000r\000n\000a\000r\000\137\000m\000o\000d\000o\000\137\000m\0004}{subsection.8.3.4}% 117
\BOOKMARK [3][-]{subsubsection.8.3.4.16}{\376\377\0008\000.\0003\000.\0004\000.\0001\0006\000\040\000a\000l\000t\000e\000r\000n\000a\000r\000\137\000m\000o\000d\000o\000\137\000p\0009}{subsection.8.3.4}% 118
\BOOKMARK [3][-]{subsubsection.8.3.4.17}{\376\377\0008\000.\0003\000.\0004\000.\0001\0007\000\040\000b\000a\000r\000r\000a\000\137\000e\000s\000t\000a\000d\000o}{subsection.8.3.4}% 119
\BOOKMARK [3][-]{subsubsection.8.3.4.18}{\376\377\0008\000.\0003\000.\0004\000.\0001\0008\000\040\000b\000o\000t\000o\000n\000e\000s\000\137\000o\000p\000s\000\137\000m\0004}{subsection.8.3.4}% 120
\BOOKMARK [3][-]{subsubsection.8.3.4.19}{\376\377\0008\000.\0003\000.\0004\000.\0001\0009\000\040\000b\000o\000t\000o\000n\000e\000s\000\137\000o\000p\000s\000\137\000p\0009}{subsection.8.3.4}% 121
\BOOKMARK [3][-]{subsubsection.8.3.4.20}{\376\377\0008\000.\0003\000.\0004\000.\0002\0000\000\040\000b\000o\000t\000o\000n\000e\000s\000\137\000r\000e\000s\000e\000t\000\137\000c\000a\000t\000s}{subsection.8.3.4}% 122
\BOOKMARK [3][-]{subsubsection.8.3.4.21}{\376\377\0008\000.\0003\000.\0004\000.\0002\0001\000\040\000b\000t\000n\000\137\000m\0004}{subsection.8.3.4}% 123
\BOOKMARK [3][-]{subsubsection.8.3.4.22}{\376\377\0008\000.\0003\000.\0004\000.\0002\0002\000\040\000b\000t\000n\000\137\000p\0009}{subsection.8.3.4}% 124
\BOOKMARK [3][-]{subsubsection.8.3.4.23}{\376\377\0008\000.\0003\000.\0004\000.\0002\0003\000\040\000b\000t\000n\000\137\000r\000e\000s\000e\000t\000\137\000b\000a\000s\000i\000c\000o\000\137\000p\0009}{subsection.8.3.4}% 125
\BOOKMARK [3][-]{subsubsection.8.3.4.24}{\376\377\0008\000.\0003\000.\0004\000.\0002\0004\000\040\000b\000t\000n\000\137\000r\000e\000s\000e\000t\000\137\000m\0004}{subsection.8.3.4}% 126
\BOOKMARK [3][-]{subsubsection.8.3.4.25}{\376\377\0008\000.\0003\000.\0004\000.\0002\0005\000\040\000c\000h\000k\000\137\000e\000x\000p\000a\000n\000d\000\137\000r\000e\000l\000a\000t\000i\000o\000n\000a\000l}{subsection.8.3.4}% 127
\BOOKMARK [3][-]{subsubsection.8.3.4.26}{\376\377\0008\000.\0003\000.\0004\000.\0002\0006\000\040\000c\000h\000k\000\137\000i\000n\000t\000e\000g\000e\000r\000\137\000r\000i\000n\000g}{subsection.8.3.4}% 128
\BOOKMARK [3][-]{subsubsection.8.3.4.27}{\376\377\0008\000.\0003\000.\0004\000.\0002\0007\000\040\000c\000h\000k\000\137\000l\000n\000h}{subsection.8.3.4}% 129
\BOOKMARK [3][-]{subsubsection.8.3.4.28}{\376\377\0008\000.\0003\000.\0004\000.\0002\0008\000\040\000c\000h\000k\000\137\000m\000o\000d\000o\000\137\000m\0004}{subsection.8.3.4}% 130
\BOOKMARK [3][-]{subsubsection.8.3.4.29}{\376\377\0008\000.\0003\000.\0004\000.\0002\0009\000\040\000c\000h\000k\000\137\000m\000o\000d\000o\000\137\000p\0009}{subsection.8.3.4}% 131
\BOOKMARK [3][-]{subsubsection.8.3.4.30}{\376\377\0008\000.\0003\000.\0004\000.\0003\0000\000\040\000c\000h\000k\000\137\000n\000e\000g\000\137\000a\000s\000s\000i\000g\000n}{subsection.8.3.4}% 132
\BOOKMARK [3][-]{subsubsection.8.3.4.31}{\376\377\0008\000.\0003\000.\0004\000.\0003\0001\000\040\000c\000h\000k\000\137\000n\000e\000g\000\137\000a\000s\000s\000i\000g\000n\000\137\000n\000e\000a\000r}{subsection.8.3.4}% 133
\BOOKMARK [3][-]{subsubsection.8.3.4.32}{\376\377\0008\000.\0003\000.\0004\000.\0003\0002\000\040\000c\000h\000k\000\137\000n\000e\000g\000\137\000e\000l\000i\000m}{subsection.8.3.4}% 134
\BOOKMARK [3][-]{subsubsection.8.3.4.33}{\376\377\0008\000.\0003\000.\0004\000.\0003\0003\000\040\000c\000h\000k\000\137\000n\000e\000g\000\137\000e\000l\000i\000m\000\137\000n\000e\000a\000r}{subsection.8.3.4}% 135
\BOOKMARK [3][-]{subsubsection.8.3.4.34}{\376\377\0008\000.\0003\000.\0004\000.\0003\0004\000\040\000c\000h\000k\000\137\000n\000e\000g\000p\000r\000o\000p}{subsection.8.3.4}% 136
\BOOKMARK [3][-]{subsubsection.8.3.4.35}{\376\377\0008\000.\0003\000.\0004\000.\0003\0005\000\040\000c\000h\000k\000\137\000p\000r\000i\000n\000t\000\137\000m\000o\000d\000e\000l\000s}{subsection.8.3.4}% 137
\BOOKMARK [3][-]{subsubsection.8.3.4.36}{\376\377\0008\000.\0003\000.\0004\000.\0003\0006\000\040\000c\000h\000k\000\137\000p\000r\000o\000l\000o\000g\000\137\000v\000a\000r\000s}{subsection.8.3.4}% 138
\BOOKMARK [3][-]{subsubsection.8.3.4.37}{\376\377\0008\000.\0003\000.\0004\000.\0003\0007\000\040\000c\000h\000k\000\137\000p\000r\000o\000l\000o\000g\000\137\000v\000a\000r\000s\000\137\000m\0004}{subsection.8.3.4}% 139
\BOOKMARK [3][-]{subsubsection.8.3.4.38}{\376\377\0008\000.\0003\000.\0004\000.\0003\0008\000\040\000c\000h\000k\000\137\000r\000e\000s\000t\000r\000i\000c\000t\000\137\000d\000e\000n\000i\000a\000l\000s}{subsection.8.3.4}% 140
\BOOKMARK [3][-]{subsubsection.8.3.4.39}{\376\377\0008\000.\0003\000.\0004\000.\0003\0009\000\040\000c\000h\000k\000\137\000s\000k\000o\000l\000e\000m\000s\000\137\000l\000a\000s\000t}{subsection.8.3.4}% 141
\BOOKMARK [3][-]{subsubsection.8.3.4.40}{\376\377\0008\000.\0003\000.\0004\000.\0004\0000\000\040\000c\000l\000o\000s\000e}{subsection.8.3.4}% 142
\BOOKMARK [3][-]{subsubsection.8.3.4.41}{\376\377\0008\000.\0003\000.\0004\000.\0004\0001\000\040\000c\000o\000m\000b\000o\000\137\000e\000q\000\137\000d\000e\000f\000s}{subsection.8.3.4}% 143
\BOOKMARK [3][-]{subsubsection.8.3.4.42}{\376\377\0008\000.\0003\000.\0004\000.\0004\0002\000\040\000c\000o\000m\000b\000o\000\137\000g\000r\000u\000p\000o\000s\000\137\000p\0009}{subsection.8.3.4}% 144
\BOOKMARK [3][-]{subsubsection.8.3.4.43}{\376\377\0008\000.\0003\000.\0004\000.\0004\0003\000\040\000c\000o\000m\000b\000o\000\137\000i\000t\000e\000r\000a\000t\000e}{subsection.8.3.4}% 145
\BOOKMARK [3][-]{subsubsection.8.3.4.44}{\376\377\0008\000.\0003\000.\0004\000.\0004\0004\000\040\000c\000o\000m\000b\000o\000\137\000o\000r\000d\000e\000r}{subsection.8.3.4}% 146
\BOOKMARK [3][-]{subsubsection.8.3.4.45}{\376\377\0008\000.\0003\000.\0004\000.\0004\0005\000\040\000c\000o\000m\000b\000o\000s\000\137\000t\000r\000a\000d\000u\000c\000i\000b\000l\000e\000s}{subsection.8.3.4}% 147
\BOOKMARK [3][-]{subsubsection.8.3.4.46}{\376\377\0008\000.\0003\000.\0004\000.\0004\0006\000\040\000c\000o\000n\000c\000l\000u\000s\000i\000o\000n\000\137\000m\0004}{subsection.8.3.4}% 148
\BOOKMARK [3][-]{subsubsection.8.3.4.47}{\376\377\0008\000.\0003\000.\0004\000.\0004\0007\000\040\000c\000o\000n\000c\000l\000u\000s\000i\000o\000n\000\137\000p\0009}{subsection.8.3.4}% 149
\BOOKMARK [3][-]{subsubsection.8.3.4.48}{\376\377\0008\000.\0003\000.\0004\000.\0004\0008\000\040\000d\000a\000t\000o\000s\000\137\000h\000i\000s\000t\000o\000r\000i\000a\000l}{subsection.8.3.4}% 150
\BOOKMARK [3][-]{subsubsection.8.3.4.49}{\376\377\0008\000.\0003\000.\0004\000.\0004\0009\000\040\000e\000n\000t\000r\000a\000d\000a\000\137\000l\000i\000b\000r\000e\000\137\000m\0004}{subsection.8.3.4}% 151
\BOOKMARK [3][-]{subsubsection.8.3.4.50}{\376\377\0008\000.\0003\000.\0004\000.\0005\0000\000\040\000e\000n\000t\000r\000a\000d\000a\000\137\000l\000i\000b\000r\000e\000\137\000p\0009}{subsection.8.3.4}% 152
\BOOKMARK [3][-]{subsubsection.8.3.4.51}{\376\377\0008\000.\0003\000.\0004\000.\0005\0001\000\040\000e\000x\000p\000o\000r\000t\000a\000r\000\137\000s\000a\000l\000i\000d\000a}{subsection.8.3.4}% 153
\BOOKMARK [3][-]{subsubsection.8.3.4.52}{\376\377\0008\000.\0003\000.\0004\000.\0005\0002\000\040\000g\000r\000u\000p\000o\000\137\000a\000l\000l\000\137\000o\000p\000t\000i\000o\000n\000s}{subsection.8.3.4}% 154
\BOOKMARK [3][-]{subsubsection.8.3.4.53}{\376\377\0008\000.\0003\000.\0004\000.\0005\0003\000\040\000g\000r\000u\000p\000o\000\137\000b\000a\000s\000i\000c\000o\000\137\000m\0004}{subsection.8.3.4}% 155
\BOOKMARK [3][-]{subsubsection.8.3.4.54}{\376\377\0008\000.\0003\000.\0004\000.\0005\0004\000\040\000g\000r\000u\000p\000o\000\137\000b\000a\000s\000i\000c\000o\000\137\000p\0009}{subsection.8.3.4}% 156
\BOOKMARK [3][-]{subsubsection.8.3.4.55}{\376\377\0008\000.\0003\000.\0004\000.\0005\0005\000\040\000g\000r\000u\000p\000o\000\137\000e\000x\000p\000\137\000m\0004}{subsection.8.3.4}% 157
\BOOKMARK [3][-]{subsubsection.8.3.4.56}{\376\377\0008\000.\0003\000.\0004\000.\0005\0006\000\040\000g\000r\000u\000p\000o\000\137\000h\000i\000s\000t\000o\000r\000i\000a\000l}{subsection.8.3.4}% 158
\BOOKMARK [3][-]{subsubsection.8.3.4.57}{\376\377\0008\000.\0003\000.\0004\000.\0005\0007\000\040\000g\000r\000u\000p\000o\000\137\000i\000n\000s\000\137\000m\0004}{subsection.8.3.4}% 159
\BOOKMARK [3][-]{subsubsection.8.3.4.58}{\376\377\0008\000.\0003\000.\0004\000.\0005\0008\000\040\000g\000r\000u\000p\000o\000\137\000i\000n\000s\000\137\000p\0009}{subsection.8.3.4}% 160
\BOOKMARK [3][-]{subsubsection.8.3.4.59}{\376\377\0008\000.\0003\000.\0004\000.\0005\0009\000\040\000g\000r\000u\000p\000o\000\137\000o\000p\000c\000i\000o\000n\000e\000s\000\137\000m\0004}{subsection.8.3.4}% 161
\BOOKMARK [3][-]{subsubsection.8.3.4.60}{\376\377\0008\000.\0003\000.\0004\000.\0006\0000\000\040\000g\000r\000u\000p\000o\000\137\000o\000p\000c\000i\000o\000n\000e\000s\000\137\000p\0009}{subsection.8.3.4}% 162
\BOOKMARK [3][-]{subsubsection.8.3.4.61}{\376\377\0008\000.\0003\000.\0004\000.\0006\0001\000\040\000g\000r\000u\000p\000o\000\137\000o\000t\000r\000o\000s\000\137\000m\0004}{subsection.8.3.4}% 163
\BOOKMARK [3][-]{subsubsection.8.3.4.62}{\376\377\0008\000.\0003\000.\0004\000.\0006\0002\000\040\000g\000u\000a\000r\000d\000a\000r\000\137\000a\000r\000c\000h\000i\000v\000o}{subsection.8.3.4}% 164
\BOOKMARK [3][-]{subsubsection.8.3.4.63}{\376\377\0008\000.\0003\000.\0004\000.\0006\0003\000\040\000h\000i\000l\000o\000\137\000m\0004}{subsection.8.3.4}% 165
\BOOKMARK [3][-]{subsubsection.8.3.4.64}{\376\377\0008\000.\0003\000.\0004\000.\0006\0004\000\040\000h\000i\000l\000o\000\137\000p\0009}{subsection.8.3.4}% 166
\BOOKMARK [3][-]{subsubsection.8.3.4.65}{\376\377\0008\000.\0003\000.\0004\000.\0006\0005\000\040\000i\000d\000i\000o\000m\000a\000\137\000a\000c\000t\000u\000a\000l}{subsection.8.3.4}% 167
\BOOKMARK [3][-]{subsubsection.8.3.4.66}{\376\377\0008\000.\0003\000.\0004\000.\0006\0006\000\040\000l\000a\000b\000e\000l\000s\000\137\000s\000u\000b\000c\000a\000t\000e\000g\000o\000r\000i\000a\000s}{subsection.8.3.4}% 168
\BOOKMARK [3][-]{subsubsection.8.3.4.67}{\376\377\0008\000.\0003\000.\0004\000.\0006\0007\000\040\000l\000b\000l\000\137\000c\000o\000n\000c\000l\000u\000s\000i\000o\000n\000\137\000p\0009}{subsection.8.3.4}% 169
\BOOKMARK [3][-]{subsubsection.8.3.4.68}{\376\377\0008\000.\0003\000.\0004\000.\0006\0008\000\040\000l\000b\000l\000\137\000l\000i\000b\000r\000e\000\137\000m\0004}{subsection.8.3.4}% 170
\BOOKMARK [3][-]{subsubsection.8.3.4.69}{\376\377\0008\000.\0003\000.\0004\000.\0006\0009\000\040\000l\000b\000l\000\137\000l\000i\000b\000r\000e\000\137\000p\0009}{subsection.8.3.4}% 171
\BOOKMARK [3][-]{subsubsection.8.3.4.70}{\376\377\0008\000.\0003\000.\0004\000.\0007\0000\000\040\000l\000b\000l\000\137\000o\000b\000j\000e\000t\000i\000v\000o\000\137\000m\0004}{subsection.8.3.4}% 172
\BOOKMARK [3][-]{subsubsection.8.3.4.71}{\376\377\0008\000.\0003\000.\0004\000.\0007\0001\000\040\000l\000b\000l\000\137\000o\000p\000s\000\137\000m\0004}{subsection.8.3.4}% 173
\BOOKMARK [3][-]{subsubsection.8.3.4.72}{\376\377\0008\000.\0003\000.\0004\000.\0007\0002\000\040\000l\000b\000l\000\137\000o\000p\000s\000\137\000p\0009}{subsection.8.3.4}% 174
\BOOKMARK [3][-]{subsubsection.8.3.4.73}{\376\377\0008\000.\0003\000.\0004\000.\0007\0003\000\040\000l\000b\000l\000\137\000p\000r\000e\000m\000i\000s\000a\000s\000\137\000m\0004}{subsection.8.3.4}% 175
\BOOKMARK [3][-]{subsubsection.8.3.4.74}{\376\377\0008\000.\0003\000.\0004\000.\0007\0004\000\040\000l\000b\000l\000\137\000p\000r\000e\000m\000i\000s\000a\000s\000\137\000p\0009}{subsection.8.3.4}% 176
\BOOKMARK [3][-]{subsubsection.8.3.4.75}{\376\377\0008\000.\0003\000.\0004\000.\0007\0005\000\040\000l\000b\000l\000\137\000r\000e\000s\000\137\000m\0004}{subsection.8.3.4}% 177
\BOOKMARK [3][-]{subsubsection.8.3.4.76}{\376\377\0008\000.\0003\000.\0004\000.\0007\0006\000\040\000l\000b\000l\000\137\000r\000e\000s\000\137\000p\0009}{subsection.8.3.4}% 178
\BOOKMARK [3][-]{subsubsection.8.3.4.77}{\376\377\0008\000.\0003\000.\0004\000.\0007\0007\000\040\000m\000e\000n\000u\000\137\000a\000r\000c\000h\000i\000v\000o}{subsection.8.3.4}% 179
\BOOKMARK [3][-]{subsubsection.8.3.4.78}{\376\377\0008\000.\0003\000.\0004\000.\0007\0008\000\040\000m\000e\000n\000u\000\137\000e\000j\000e\000m\000p\000l\000o\000s}{subsection.8.3.4}% 180
\BOOKMARK [3][-]{subsubsection.8.3.4.79}{\376\377\0008\000.\0003\000.\0004\000.\0007\0009\000\040\000m\000e\000n\000u\000\137\000i\000d\000i\000o\000m\000a}{subsection.8.3.4}% 181
\BOOKMARK [3][-]{subsubsection.8.3.4.80}{\376\377\0008\000.\0003\000.\0004\000.\0008\0000\000\040\000n\000o\000m\000b\000r\000e\000s\000\137\000c\000a\000t\000e\000g\000o\000r\000i\000a\000s}{subsection.8.3.4}% 182
\BOOKMARK [3][-]{subsubsection.8.3.4.81}{\376\377\0008\000.\0003\000.\0004\000.\0008\0001\000\040\000n\000u\000e\000v\000o\000\137\000p\000r\000o\000y\000e\000c\000t\000o}{subsection.8.3.4}% 183
\BOOKMARK [3][-]{subsubsection.8.3.4.82}{\376\377\0008\000.\0003\000.\0004\000.\0008\0002\000\040\000p\000r\000e\000m\000i\000s\000a\000s\000\137\000m\0004}{subsection.8.3.4}% 184
\BOOKMARK [3][-]{subsubsection.8.3.4.83}{\376\377\0008\000.\0003\000.\0004\000.\0008\0003\000\040\000p\000r\000e\000m\000i\000s\000a\000s\000\137\000p\0009}{subsection.8.3.4}% 185
\BOOKMARK [3][-]{subsubsection.8.3.4.84}{\376\377\0008\000.\0003\000.\0004\000.\0008\0004\000\040\000p\000r\000o\000c\000e\000s\000a\000r\000\137\000m\000a\000c\000e\0004}{subsection.8.3.4}% 186
\BOOKMARK [3][-]{subsubsection.8.3.4.85}{\376\377\0008\000.\0003\000.\0004\000.\0008\0005\000\040\000p\000r\000o\000c\000e\000s\000a\000r\000\137\000p\000r\000o\000v\000e\000r\0009}{subsection.8.3.4}% 187
\BOOKMARK [3][-]{subsubsection.8.3.4.86}{\376\377\0008\000.\0003\000.\0004\000.\0008\0006\000\040\000r\000e\000c\000u\000p\000e\000r\000a\000r\000\137\000d\000e\000s\000d\000e\000\137\000h\000i\000s\000t\000o\000r\000i\000a\000l}{subsection.8.3.4}% 188
\BOOKMARK [3][-]{subsubsection.8.3.4.87}{\376\377\0008\000.\0003\000.\0004\000.\0008\0007\000\040\000r\000e\000s\000a\000l\000t\000a\000d\000o\000r\000\137\000c\000o\000n\000c\000l\000u\000s\000i\000o\000n\000\137\000m\0004}{subsection.8.3.4}% 189
\BOOKMARK [3][-]{subsubsection.8.3.4.88}{\376\377\0008\000.\0003\000.\0004\000.\0008\0008\000\040\000r\000e\000s\000a\000l\000t\000a\000d\000o\000r\000\137\000c\000o\000n\000c\000l\000u\000s\000i\000o\000n\000\137\000p\0009}{subsection.8.3.4}% 190
\BOOKMARK [3][-]{subsubsection.8.3.4.89}{\376\377\0008\000.\0003\000.\0004\000.\0008\0009\000\040\000r\000e\000s\000a\000l\000t\000a\000d\000o\000r\000\137\000l\000i\000b\000r\000e\000\137\000m\0004}{subsection.8.3.4}% 191
\BOOKMARK [3][-]{subsubsection.8.3.4.90}{\376\377\0008\000.\0003\000.\0004\000.\0009\0000\000\040\000r\000e\000s\000a\000l\000t\000a\000d\000o\000r\000\137\000l\000i\000b\000r\000e\000\137\000p\0009}{subsection.8.3.4}% 192
\BOOKMARK [3][-]{subsubsection.8.3.4.91}{\376\377\0008\000.\0003\000.\0004\000.\0009\0001\000\040\000r\000e\000s\000a\000l\000t\000a\000d\000o\000r\000\137\000p\000r\000e\000m\000i\000s\000a\000s\000\137\000m\0004}{subsection.8.3.4}% 193
\BOOKMARK [3][-]{subsubsection.8.3.4.92}{\376\377\0008\000.\0003\000.\0004\000.\0009\0002\000\040\000r\000e\000s\000a\000l\000t\000a\000d\000o\000r\000\137\000p\000r\000e\000m\000i\000s\000a\000s\000\137\000p\0009}{subsection.8.3.4}% 194
\BOOKMARK [3][-]{subsubsection.8.3.4.93}{\376\377\0008\000.\0003\000.\0004\000.\0009\0003\000\040\000r\000e\000s\000e\000t\000\137\000o\000p\000c\000i\000o\000n\000e\000s\000\137\000m\0004}{subsection.8.3.4}% 195
\BOOKMARK [3][-]{subsubsection.8.3.4.94}{\376\377\0008\000.\0003\000.\0004\000.\0009\0004\000\040\000r\000e\000s\000e\000t\000\137\000o\000p\000c\000i\000o\000n\000e\000s\000\137\000p\0009}{subsection.8.3.4}% 196
\BOOKMARK [3][-]{subsubsection.8.3.4.95}{\376\377\0008\000.\0003\000.\0004\000.\0009\0005\000\040\000r\000u\000t\000a\000\137\000a\000r\000c\000h\000i\000v\000o\000\137\000a\000c\000t\000u\000a\000l}{subsection.8.3.4}% 197
\BOOKMARK [3][-]{subsubsection.8.3.4.96}{\376\377\0008\000.\0003\000.\0004\000.\0009\0006\000\040\000s\000a\000l\000i\000d\000a\000\137\000m\0004}{subsection.8.3.4}% 198
\BOOKMARK [3][-]{subsubsection.8.3.4.97}{\376\377\0008\000.\0003\000.\0004\000.\0009\0007\000\040\000s\000a\000l\000i\000d\000a\000\137\000p\0009}{subsection.8.3.4}% 199
\BOOKMARK [3][-]{subsubsection.8.3.4.98}{\376\377\0008\000.\0003\000.\0004\000.\0009\0008\000\040\000s\000n\000a\000p\000s\000h\000o\000t\000\137\000g\000u\000a\000r\000d\000a\000d\000o}{subsection.8.3.4}% 200
\BOOKMARK [3][-]{subsubsection.8.3.4.99}{\376\377\0008\000.\0003\000.\0004\000.\0009\0009\000\040\000s\000p\000i\000n\000\137\000d\000o\000m\000a\000i\000n\000\137\000s\000i\000z\000e}{subsection.8.3.4}% 201
\BOOKMARK [3][-]{subsubsection.8.3.4.100}{\376\377\0008\000.\0003\000.\0004\000.\0001\0000\0000\000\040\000s\000p\000i\000n\000\137\000e\000n\000d\000\137\000s\000i\000z\000e}{subsection.8.3.4}% 202
\BOOKMARK [3][-]{subsubsection.8.3.4.101}{\376\377\0008\000.\0003\000.\0004\000.\0001\0000\0001\000\040\000s\000p\000i\000n\000\137\000i\000n\000c\000r\000e\000m\000e\000n\000t}{subsection.8.3.4}% 203
\BOOKMARK [3][-]{subsubsection.8.3.4.102}{\376\377\0008\000.\0003\000.\0004\000.\0001\0000\0002\000\040\000s\000p\000i\000n\000\137\000m\000a\000x\000\137\000m\000e\000g\000s}{subsection.8.3.4}% 204
\BOOKMARK [3][-]{subsubsection.8.3.4.103}{\376\377\0008\000.\0003\000.\0004\000.\0001\0000\0003\000\040\000s\000p\000i\000n\000\137\000m\000a\000x\000\137\000m\000o\000d\000e\000l\000s}{subsection.8.3.4}% 205
\BOOKMARK [3][-]{subsubsection.8.3.4.104}{\376\377\0008\000.\0003\000.\0004\000.\0001\0000\0004\000\040\000s\000p\000i\000n\000\137\000m\000a\000x\000\137\000s\000e\000c\000o\000n\000d\000s\000\137\000m\0004}{subsection.8.3.4}% 206
\BOOKMARK [3][-]{subsubsection.8.3.4.105}{\376\377\0008\000.\0003\000.\0004\000.\0001\0000\0005\000\040\000s\000p\000i\000n\000\137\000m\000a\000x\000\137\000s\000e\000c\000o\000n\000d\000s\000\137\000p\0009}{subsection.8.3.4}% 207
\BOOKMARK [3][-]{subsubsection.8.3.4.106}{\376\377\0008\000.\0003\000.\0004\000.\0001\0000\0006\000\040\000s\000p\000i\000n\000\137\000m\000a\000x\000\137\000s\000e\000c\000o\000n\000d\000s\000\137\000p\000e\000r}{subsection.8.3.4}% 208
\BOOKMARK [3][-]{subsubsection.8.3.4.107}{\376\377\0008\000.\0003\000.\0004\000.\0001\0000\0007\000\040\000s\000p\000i\000n\000\137\000m\000a\000x\000\137\000w\000e\000i\000g\000h\000t}{subsection.8.3.4}% 209
\BOOKMARK [3][-]{subsubsection.8.3.4.108}{\376\377\0008\000.\0003\000.\0004\000.\0001\0000\0008\000\040\000s\000p\000i\000n\000\137\000p\000i\000c\000k\000\137\000r\000a\000t\000i\000o}{subsection.8.3.4}% 210
\BOOKMARK [3][-]{subsubsection.8.3.4.109}{\376\377\0008\000.\0003\000.\0004\000.\0001\0000\0009\000\040\000s\000p\000i\000n\000\137\000s\000e\000l\000e\000c\000t\000i\000o\000n\000\137\000m\000e\000a\000s\000u\000r\000e}{subsection.8.3.4}% 211
\BOOKMARK [3][-]{subsubsection.8.3.4.110}{\376\377\0008\000.\0003\000.\0004\000.\0001\0001\0000\000\040\000s\000p\000i\000n\000\137\000s\000e\000l\000e\000c\000t\000i\000o\000n\000\137\000o\000r\000d\000e\000r}{subsection.8.3.4}% 212
\BOOKMARK [3][-]{subsubsection.8.3.4.111}{\376\377\0008\000.\0003\000.\0004\000.\0001\0001\0001\000\040\000s\000p\000i\000n\000\137\000s\000t\000a\000r\000t\000\137\000s\000i\000z\000e}{subsection.8.3.4}% 213
\BOOKMARK [3][-]{subsubsection.8.3.4.112}{\376\377\0008\000.\0003\000.\0004\000.\0001\0001\0002\000\040\000s\000t\000a\000c\000k\000\137\000o\000p\000c\000i\000o\000n\000e\000s\000\137\000p\0009}{subsection.8.3.4}% 214
\BOOKMARK [3][-]{subsubsection.8.3.4.113}{\376\377\0008\000.\0003\000.\0004\000.\0001\0001\0003\000\040\000t\000a\000b\000\137\000m\000a\000c\000e\0004}{subsection.8.3.4}% 215
\BOOKMARK [3][-]{subsubsection.8.3.4.114}{\376\377\0008\000.\0003\000.\0004\000.\0001\0001\0004\000\040\000t\000a\000b\000\137\000p\000r\000o\000v\000e\000r\0009}{subsection.8.3.4}% 216
\BOOKMARK [3][-]{subsubsection.8.3.4.115}{\376\377\0008\000.\0003\000.\0004\000.\0001\0001\0005\000\040\000t\000a\000b\000l\000a\000\137\000h\000i\000s\000t\000o\000r\000i\000a\000l}{subsection.8.3.4}% 217
\BOOKMARK [3][-]{subsubsection.8.3.4.116}{\376\377\0008\000.\0003\000.\0004\000.\0001\0001\0006\000\040\000t\000a\000b\000s}{subsection.8.3.4}% 218
\BOOKMARK [3][-]{subsubsection.8.3.4.117}{\376\377\0008\000.\0003\000.\0004\000.\0001\0001\0007\000\040\000v\000i\000s\000t\000a\000\137\000s\000t\000a\000c\000k\000\137\000m\0004}{subsection.8.3.4}% 219
\BOOKMARK [3][-]{subsubsection.8.3.4.118}{\376\377\0008\000.\0003\000.\0004\000.\0001\0001\0008\000\040\000v\000i\000s\000t\000a\000\137\000s\000t\000a\000c\000k\000\137\000p\0009}{subsection.8.3.4}% 220
\BOOKMARK [0][-]{chapter.9}{\376\377\0009\000\040\000F\000i\000l\000e\000\040\000D\000o\000c\000u\000m\000e\000n\000t\000a\000t\000i\000o\000n}{}% 221
\BOOKMARK [1][-]{section.9.1}{\376\377\0009\000.\0001\000\040\000i\000d\000i\000o\000m\000a\000s\000.\000p\000y\000\040\000F\000i\000l\000e\000\040\000R\000e\000f\000e\000r\000e\000n\000c\000e}{chapter.9}% 222
\BOOKMARK [1][-]{section.9.2}{\376\377\0009\000.\0002\000\040\000l\000a\000u\000n\000c\000h\000e\000r\000.\000p\000y\000\040\000F\000i\000l\000e\000\040\000R\000e\000f\000e\000r\000e\000n\000c\000e}{chapter.9}% 223
\BOOKMARK [1][-]{section.9.3}{\376\377\0009\000.\0003\000\040\000m\000a\000i\000n\000.\000p\000y\000\040\000F\000i\000l\000e\000\040\000R\000e\000f\000e\000r\000e\000n\000c\000e}{chapter.9}% 224
\BOOKMARK [1][-]{section.9.4}{\376\377\0009\000.\0004\000\040\000R\000E\000A\000D\000M\000E\000.\000m\000d\000\040\000F\000i\000l\000e\000\040\000R\000e\000f\000e\000r\000e\000n\000c\000e}{chapter.9}% 225
\BOOKMARK [0][-]{section*.27}{\376\377\000I\000n\000d\000e\000x}{}% 226
